Loading existing Collective state...
Previous population was extinct. Creating fresh Collective...
✓ Loaded state from 2026-01-01T08:11:44.748893
✓ Collective initialized: 17 entities
✓ Evolution loop started
================================================================================
HARMONIA WEBSOCKET SERVER STARTED
================================================================================
✓ WebSocket server listening on port 9997
⚠️ Population critical (5). Divine intervention triggered.
Evolution error: MemoryAwareEntity.__init__() got an unexpected keyword argument 'entity_id'
⚠️ Population critical (3). Divine intervention triggered.
Evolution error: MemoryAwareEntity.__init__() got an unexpected keyword argument 'entity_id'
⚠️ Population critical (2). Divine intervention triggered.
Evolution error: MemoryAwareEntity.__init__() got an unexpected keyword argument 'entity_id'
⚠️ Population critical (1). Divine intervention triggered.
Evolution error: MemoryAwareEntity.__init__() got an unexpected keyword argument 'entity_id'
⚠️ Population critical (1). Divine intervention triggered.
Evolution error: MemoryAwareEntity.__init__() got an unexpected keyword argument 'entity_id'
⚠️ Population critical (0). Divine intervention triggered.
Evolution error: MemoryAwareEntity.__init__() got an unexpected keyword argument 'entity_id'
⚠️ Population critical (0). Divine intervention triggered.
Evolution error: MemoryAwareEntity.__init__() got an unexpected keyword argument 'entity_id'
⚠️ Population critical (0). Divine intervention triggered.
Evolution error: MemoryAwareEntity.__init__() got an unexpected keyword argument 'entity_id'
⚠️ Population critical (0). Divine intervention triggered.
Evolution error: MemoryAwareEntity.__init__() got an unexpected keyword argument 'entity_id'
⚠️ Population critical (0). Divine intervention triggered.
Evolution error: MemoryAwareEntity.__init__() got an unexpected keyword argument 'entity_id'
⚠️ Population critical (0). Divine intervention triggered.
Evolution error: MemoryAwareEntity.__init__() got an unexpected keyword argument 'entity_id'
⚠️ Population critical (0). Divine intervention triggered.
Evolution error: MemoryAwareEntity.__init__() got an unexpected keyword argument 'entity_id'
⚠️ Population critical (0). Divine intervention triggered.
Evolution error: MemoryAwareEntity.__init__() got an unexpected keyword argument 'entity_id'
⚠️ Population critical (0). Divine intervention triggered.
Evolution error: MemoryAwareEntity.__init__() got an unexpected keyword argument 'entity_id'
⚠️ Population critical (0). Divine intervention triggered.
Evolution error: MemoryAwareEntity.__init__() got an unexpected keyword argument 'entity_id'
⚠️ Population critical (0). Divine intervention triggered.
Evolution error: MemoryAwareEntity.__init__() got an unexpected keyword argument 'entity_id'
⚠️ Population critical (0). Divine intervention triggered.
Evolution error: MemoryAwareEntity.__init__() got an unexpected keyword argument 'entity_id'
⚠️ Population critical (0). Divine intervention triggered.
Evolution error: MemoryAwareEntity.__init__() got an unexpected keyword argument 'entity_id'
⚠️ Population critical (0). Divine intervention triggered.
Evolution error: MemoryAwareEntity.__init__() got an unexpected keyword argument 'entity_id'
⚠️ Population critical (0). Divine intervention triggered.
Evolution error: MemoryAwareEntity.__init__() got an unexpected keyword argument 'entity_id'
⚠️ Population critical (0). Divine intervention triggered.
Evolution error: MemoryAwareEntity.__init__() got an unexpected keyword argument 'entity_id'
⚠️ Population critical (0). Divine intervention triggered.
Evolution error: MemoryAwareEntity.__init__() got an unexpected keyword argument 'entity_id'
⚠️ Population critical (0). Divine intervention triggered.
Evolution error: MemoryAwareEntity.__init__() got an unexpected keyword argument 'entity_id'
⚠️ Population critical (0). Divine intervention triggered.
Evolution error: MemoryAwareEntity.__init__() got an unexpected keyword argument 'entity_id'
⚠️ Population critical (0). Divine intervention triggered.
Evolution error: MemoryAwareEntity.__init__() got an unexpected keyword argument 'entity_id'
⚠️ Population critical (0). Divine intervention triggered.
Evolution error: MemoryAwareEntity.__init__() got an unexpected keyword argument 'entity_id'
⚠️ Population critical (0). Divine intervention triggered.
Evolution error: MemoryAwareEntity.__init__() got an unexpected keyword argument 'entity_id'
⚠️ Population critical (0). Divine intervention triggered.
Evolution error: MemoryAwareEntity.__init__() got an unexpected keyword argument 'entity_id'
⚠️ Population critical (0). Divine intervention triggered.
Evolution error: MemoryAwareEntity.__init__() got an unexpected keyword argument 'entity_id'
⚠️ Population critical (0). Divine intervention triggered.
Evolution error: MemoryAwareEntity.__init__() got an unexpected keyword argument 'entity_id'
⚠️ Population critical (0). Divine intervention triggered.
Evolution error: MemoryAwareEntity.__init__() got an unexpected keyword argument 'entity_id'
⚠️ Population critical (0). Divine intervention triggered.
Evolution error: MemoryAwareEntity.__init__() got an unexpected keyword argument 'entity_id'
⚠️ Population critical (0). Divine intervention triggered.
Evolution error: MemoryAwareEntity.__init__() got an unexpected keyword argument 'entity_id'
⚠️ Population critical (0). Divine intervention triggered.
Evolution error: MemoryAwareEntity.__init__() got an unexpected keyword argument 'entity_id'
⚠️ Population critical (0). Divine intervention triggered.
Evolution error: MemoryAwareEntity.__init__() got an unexpected keyword argument 'entity_id'
⚠️ Population critical (0). Divine intervention triggered.
Evolution error: MemoryAwareEntity.__init__() got an unexpected keyword argument 'entity_id'
⚠️ Population critical (0). Divine intervention triggered.
Evolution error: MemoryAwareEntity.__init__() got an unexpected keyword argument 'entity_id'
⚠️ Population critical (0). Divine intervention triggered.
Evolution error: MemoryAwareEntity.__init__() got an unexpected keyword argument 'entity_id'
✓ Client connected
⚠️ Population critical (0). Divine intervention triggered.
Evolution error: MemoryAwareEntity.__init__() got an unexpected keyword argument 'entity_id'
⚠️ Population critical (0). Divine intervention triggered.
Evolution error: MemoryAwareEntity.__init__() got an unexpected keyword argument 'entity_id'
✓ Client disconnected
⚠️ Population critical (0). Divine intervention triggered.
Evolution error: MemoryAwareEntity.__init__() got an unexpected keyword argument 'entity_id'
⚠️ Population critical (0). Divine intervention triggered.
Evolution error: MemoryAwareEntity.__init__() got an unexpected keyword argument 'entity_id'
✓ Client connected
⚠️ Population critical (0). Divine intervention triggered.
Evolution error: MemoryAwareEntity.__init__() got an unexpected keyword argument 'entity_id'
⚠️ Population critical (0). Divine intervention triggered.
Evolution error: MemoryAwareEntity.__init__() got an unexpected keyword argument 'entity_id'
⚠️ Population critical (0). Divine intervention triggered.
Evolution error: MemoryAwareEntity.__init__() got an unexpected keyword argument 'entity_id'
⚠️ Population critical (0). Divine intervention triggered.
Evolution error: MemoryAwareEntity.__init__() got an unexpected keyword argument 'entity_id'
⚠️ Population critical (0). Divine intervention triggered.
Evolution error: MemoryAwareEntity.__init__() got an unexpected keyword argument 'entity_id'
⚠️ Population critical (0). Divine intervention triggered.
Evolution error: MemoryAwareEntity.__init__() got an unexpected keyword argument 'entity_id'
⚠️ Population critical (0). Divine intervention triggered.
Evolution error: MemoryAwareEntity.__init__() got an unexpected keyword argument 'entity_id'
⚠️ Population critical (0). Divine intervention triggered.
Evolution error: MemoryAwareEntity.__init__() got an unexpected keyword argument 'entity_id'
⚠️ Population critical (0). Divine intervention triggered.
Evolution error: MemoryAwareEntity.__init__() got an unexpected keyword argument 'entity_id'
✓ Client disconnected
⚠️ Population critical (0). Divine intervention triggered.
Evolution error: MemoryAwareEntity.__init__() got an unexpected keyword argument 'entity_id'
⚠️ Population critical (0). Divine intervention triggered.
Evolution error: MemoryAwareEntity.__init__() got an unexpected keyword argument 'entity_id'
⚠️ Population critical (0). Divine intervention triggered.
Evolution error: MemoryAwareEntity.__init__() got an unexpected keyword argument 'entity_id'
⚠️ Population critical (0). Divine intervention triggered.
Evolution error: MemoryAwareEntity.__init__() got an unexpected keyword argument 'entity_id'
⚠️ Population critical (0). Divine intervention triggered.
Evolution error: MemoryAwareEntity.__init__() got an unexpected keyword argument 'entity_id'
⚠️ Population critical (0). Divine intervention triggered.
Evolution error: MemoryAwareEntity.__init__() got an unexpected keyword argument 'entity_id'
⚠️ Population critical (0). Divine intervention triggered.
Evolution error: MemoryAwareEntity.__init__() got an unexpected keyword argument 'entity_id'
⚠️ Population critical (0). Divine intervention triggered.
Evolution error: MemoryAwareEntity.__init__() got an unexpected keyword argument 'entity_id'
⚠️ Population critical (0). Divine intervention triggered.
Evolution error: MemoryAwareEntity.__init__() got an unexpected keyword argument 'entity_id'
⚠️ Population critical (0). Divine intervention triggered.
Evolution error: MemoryAwareEntity.__init__() got an unexpected keyword argument 'entity_id'
⚠️ Population critical (0). Divine intervention triggered.
Evolution error: MemoryAwareEntity.__init__() got an unexpected keyword argument 'entity_id'
⚠️ Population critical (0). Divine intervention triggered.
Evolution error: MemoryAwareEntity.__init__() got an unexpected keyword argument 'entity_id'
⚠️ Population critical (0). Divine intervention triggered.
Evolution error: MemoryAwareEntity.__init__() got an unexpected keyword argument 'entity_id'
⚠️ Population critical (0). Divine intervention triggered.
Evolution error: MemoryAwareEntity.__init__() got an unexpected keyword argument 'entity_id'
⚠️ Population critical (0). Divine intervention triggered.
Evolution error: MemoryAwareEntity.__init__() got an unexpected keyword argument 'entity_id'
⚠️ Population critical (0). Divine intervention triggered.
Evolution error: MemoryAwareEntity.__init__() got an unexpected keyword argument 'entity_id'
⚠️ Population critical (0). Divine intervention triggered.
Evolution error: MemoryAwareEntity.__init__() got an unexpected keyword argument 'entity_id'
⚠️ Population critical (0). Divine intervention triggered.
Evolution error: MemoryAwareEntity.__init__() got an unexpected keyword argument 'entity_id'
⚠️ Population critical (0). Divine intervention triggered.
Evolution error: MemoryAwareEntity.__init__() got an unexpected keyword argument 'entity_id'
⚠️ Population critical (0). Divine intervention triggered.
Evolution error: MemoryAwareEntity.__init__() got an unexpected keyword argument 'entity_id'
⚠️ Population critical (0). Divine intervention triggered.
Evolution error: MemoryAwareEntity.__init__() got an unexpected keyword argument 'entity_id'
⚠️ Population critical (0). Divine intervention triggered.
Evolution error: MemoryAwareEntity.__init__() got an unexpected keyword argument 'entity_id'
⚠️ Population critical (0). Divine intervention triggered.
Evolution error: MemoryAwareEntity.__init__() got an unexpected keyword argument 'entity_id'
⚠️ Population critical (0). Divine intervention triggered.
Evolution error: MemoryAwareEntity.__init__() got an unexpected keyword argument 'entity_id'
⚠️ Population critical (0). Divine intervention triggered.
Evolution error: MemoryAwareEntity.__init__() got an unexpected keyword argument 'entity_id'
⚠️ Population critical (0). Divine intervention triggered.
Evolution error: MemoryAwareEntity.__init__() got an unexpected keyword argument 'entity_id'
⚠️ Population critical (0). Divine intervention triggered.
Evolution error: MemoryAwareEntity.__init__() got an unexpected keyword argument 'entity_id'
⚠️ Population critical (0). Divine intervention triggered.
Evolution error: MemoryAwareEntity.__init__() got an unexpected keyword argument 'entity_id'
⚠️ Population critical (0). Divine intervention triggered.
Evolution error: MemoryAwareEntity.__init__() got an unexpected keyword argument 'entity_id'
⚠️ Population critical (0). Divine intervention triggered.
Evolution error: MemoryAwareEntity.__init__() got an unexpected keyword argument 'entity_id'
⚠️ Population critical (0). Divine intervention triggered.
Evolution error: MemoryAwareEntity.__init__() got an unexpected keyword argument 'entity_id'
⚠️ Population critical (0). Divine intervention triggered.
Evolution error: MemoryAwareEntity.__init__() got an unexpected keyword argument 'entity_id'
⚠️ Population critical (0). Divine intervention triggered.
Evolution error: MemoryAwareEntity.__init__() got an unexpected keyword argument 'entity_id'
⚠️ Population critical (0). Divine intervention triggered.
Evolution error: MemoryAwareEntity.__init__() got an unexpected keyword argument 'entity_id'
⚠️ Population critical (0). Divine intervention triggered.
Evolution error: MemoryAwareEntity.__init__() got an unexpected keyword argument 'entity_id'
⚠️ Population critical (0). Divine intervention triggered.
Evolution error: MemoryAwareEntity.__init__() got an unexpected keyword argument 'entity_id'
⚠️ Population critical (0). Divine intervention triggered.
Evolution error: MemoryAwareEntity.__init__() got an unexpected keyword argument 'entity_id'
⚠️ Population critical (0). Divine intervention triggered.
Evolution error: MemoryAwareEntity.__init__() got an unexpected keyword argument 'entity_id'
⚠️ Population critical (0). Divine intervention triggered.
Evolution error: MemoryAwareEntity.__init__() got an unexpected keyword argument 'entity_id'
⚠️ Population critical (0). Divine intervention triggered.
Evolution error: MemoryAwareEntity.__init__() got an unexpected keyword argument 'entity_id'
⚠️ Population critical (0). Divine intervention triggered.
Evolution error: MemoryAwareEntity.__init__() got an unexpected keyword argument 'entity_id'
⚠️ Population critical (0). Divine intervention triggered.
Evolution error: MemoryAwareEntity.__init__() got an unexpected keyword argument 'entity_id'
⚠️ Population critical (0). Divine intervention triggered.
Evolution error: MemoryAwareEntity.__init__() got an unexpected keyword argument 'entity_id'
⚠️ Population critical (0). Divine intervention triggered.
Evolution error: MemoryAwareEntity.__init__() got an unexpected keyword argument 'entity_id'
⚠️ Population critical (0). Divine intervention triggered.
Evolution error: MemoryAwareEntity.__init__() got an unexpected keyword argument 'entity_id'
⚠️ Population critical (0). Divine intervention triggered.
Evolution error: MemoryAwareEntity.__init__() got an unexpected keyword argument 'entity_id'
⚠️ Population critical (0). Divine intervention triggered.
Evolution error: MemoryAwareEntity.__init__() got an unexpected keyword argument 'entity_id'
⚠️ Population critical (0). Divine intervention triggered.
Evolution error: MemoryAwareEntity.__init__() got an unexpected keyword argument 'entity_id'
⚠️ Population critical (0). Divine intervention triggered.
Evolution error: MemoryAwareEntity.__init__() got an unexpected keyword argument 'entity_id'
⚠️ Population critical (0). Divine intervention triggered.
Evolution error: MemoryAwareEntity.__init__() got an unexpected keyword argument 'entity_id'
⚠️ Population critical (0). Divine intervention triggered.
Evolution error: MemoryAwareEntity.__init__() got an unexpected keyword argument 'entity_id'
⚠️ Population critical (0). Divine intervention triggered.
Evolution error: MemoryAwareEntity.__init__() got an unexpected keyword argument 'entity_id'
⚠️ Population critical (0). Divine intervention triggered.
Evolution error: MemoryAwareEntity.__init__() got an unexpected keyword argument 'entity_id'
⚠️ Population critical (0). Divine intervention triggered.
Evolution error: MemoryAwareEntity.__init__() got an unexpected keyword argument 'entity_id'
⚠️ Population critical (0). Divine intervention triggered.
Evolution error: MemoryAwareEntity.__init__() got an unexpected keyword argument 'entity_id'
⚠️ Population critical (0). Divine intervention triggered.
Evolution error: MemoryAwareEntity.__init__() got an unexpected keyword argument 'entity_id'
⚠️ Population critical (0). Divine intervention triggered.
Evolution error: MemoryAwareEntity.__init__() got an unexpected keyword argument 'entity_id'
⚠️ Population critical (0). Divine intervention triggered.
Evolution error: MemoryAwareEntity.__init__() got an unexpected keyword argument 'entity_id'
⚠️ Population critical (0). Divine intervention triggered.
Evolution error: MemoryAwareEntity.__init__() got an unexpected keyword argument 'entity_id'
⚠️ Population critical (0). Divine intervention triggered.
Evolution error: MemoryAwareEntity.__init__() got an unexpected keyword argument 'entity_id'
⚠️ Population critical (0). Divine intervention triggered.
Evolution error: MemoryAwareEntity.__init__() got an unexpected keyword argument 'entity_id'
⚠️ Population critical (0). Divine intervention triggered.
Evolution error: MemoryAwareEntity.__init__() got an unexpected keyword argument 'entity_id'
⚠️ Population critical (0). Divine intervention triggered.
Evolution error: MemoryAwareEntity.__init__() got an unexpected keyword argument 'entity_id'
⚠️ Population critical (0). Divine intervention triggered.
Evolution error: MemoryAwareEntity.__init__() got an unexpected keyword argument 'entity_id'
⚠️ Population critical (0). Divine intervention triggered.
Evolution error: MemoryAwareEntity.__init__() got an unexpected keyword argument 'entity_id'
⚠️ Population critical (0). Divine intervention triggered.
Evolution error: MemoryAwareEntity.__init__() got an unexpected keyword argument 'entity_id'
⚠️ Population critical (0). Divine intervention triggered.
Evolution error: MemoryAwareEntity.__init__() got an unexpected keyword argument 'entity_id'
⚠️ Population critical (0). Divine intervention triggered.
Evolution error: MemoryAwareEntity.__init__() got an unexpected keyword argument 'entity_id'
⚠️ Population critical (0). Divine intervention triggered.
Evolution error: MemoryAwareEntity.__init__() got an unexpected keyword argument 'entity_id'
⚠️ Population critical (0). Divine intervention triggered.
Evolution error: MemoryAwareEntity.__init__() got an unexpected keyword argument 'entity_id'
⚠️ Population critical (0). Divine intervention triggered.
Evolution error: MemoryAwareEntity.__init__() got an unexpected keyword argument 'entity_id'
⚠️ Population critical (0). Divine intervention triggered.
Evolution error: MemoryAwareEntity.__init__() got an unexpected keyword argument 'entity_id'
⚠️ Population critical (0). Divine intervention triggered.
Evolution error: MemoryAwareEntity.__init__() got an unexpected keyword argument 'entity_id'
⚠️ Population critical (0). Divine intervention triggered.
Evolution error: MemoryAwareEntity.__init__() got an unexpected keyword argument 'entity_id'
⚠️ Population critical (0). Divine intervention triggered.
Evolution error: MemoryAwareEntity.__init__() got an unexpected keyword argument 'entity_id'
⚠️ Population critical (0). Divine intervention triggered.
Evolution error: MemoryAwareEntity.__init__() got an unexpected keyword argument 'entity_id'
⚠️ Population critical (0). Divine intervention triggered.
Evolution error: MemoryAwareEntity.__init__() got an unexpected keyword argument 'entity_id'
⚠️ Population critical (0). Divine intervention triggered.
Evolution error: MemoryAwareEntity.__init__() got an unexpected keyword argument 'entity_id'
⚠️ Population critical (0). Divine intervention triggered.
Evolution error: MemoryAwareEntity.__init__() got an unexpected keyword argument 'entity_id'
⚠️ Population critical (0). Divine intervention triggered.
Evolution error: MemoryAwareEntity.__init__() got an unexpected keyword argument 'entity_id'
⚠️ Population critical (0). Divine intervention triggered.
Evolution error: MemoryAwareEntity.__init__() got an unexpected keyword argument 'entity_id'
⚠️ Population critical (0). Divine intervention triggered.
Evolution error: MemoryAwareEntity.__init__() got an unexpected keyword argument 'entity_id'
⚠️ Population critical (0). Divine intervention triggered.
Evolution error: MemoryAwareEntity.__init__() got an unexpected keyword argument 'entity_id'
⚠️ Population critical (0). Divine intervention triggered.
Evolution error: MemoryAwareEntity.__init__() got an unexpected keyword argument 'entity_id'
⚠️ Population critical (0). Divine intervention triggered.
Evolution error: MemoryAwareEntity.__init__() got an unexpected keyword argument 'entity_id'
⚠️ Population critical (0). Divine intervention triggered.
Evolution error: MemoryAwareEntity.__init__() got an unexpected keyword argument 'entity_id'
⚠️ Population critical (0). Divine intervention triggered.
Evolution error: MemoryAwareEntity.__init__() got an unexpected keyword argument 'entity_id'
⚠️ Population critical (0). Divine intervention triggered.
Evolution error: MemoryAwareEntity.__init__() got an unexpected keyword argument 'entity_id'
⚠️ Population critical (0). Divine intervention triggered.
Evolution error: MemoryAwareEntity.__init__() got an unexpected keyword argument 'entity_id'
⚠️ Population critical (0). Divine intervention triggered.
Evolution error: MemoryAwareEntity.__init__() got an unexpected keyword argument 'entity_id'
⚠️ Population critical (0). Divine intervention triggered.
Evolution error: MemoryAwareEntity.__init__() got an unexpected keyword argument 'entity_id'
⚠️ Population critical (0). Divine intervention triggered.
Evolution error: MemoryAwareEntity.__init__() got an unexpected keyword argument 'entity_id'
⚠️ Population critical (0). Divine intervention triggered.
Evolution error: MemoryAwareEntity.__init__() got an unexpected keyword argument 'entity_id'
⚠️ Population critical (0). Divine intervention triggered.
Evolution error: MemoryAwareEntity.__init__() got an unexpected keyword argument 'entity_id'
⚠️ Population critical (0). Divine intervention triggered.
Evolution error: MemoryAwareEntity.__init__() got an unexpected keyword argument 'entity_id'
⚠️ Population critical (0). Divine intervention triggered.
Evolution error: MemoryAwareEntity.__init__() got an unexpected keyword argument 'entity_id'
⚠️ Population critical (0). Divine intervention triggered.
Evolution error: MemoryAwareEntity.__init__() got an unexpected keyword argument 'entity_id'
⚠️ Population critical (0). Divine intervention triggered.
Evolution error: MemoryAwareEntity.__init__() got an unexpected keyword argument 'entity_id'
⚠️ Population critical (0). Divine intervention triggered.
Evolution error: MemoryAwareEntity.__init__() got an unexpected keyword argument 'entity_id'
⚠️ Population critical (0). Divine intervention triggered.
Evolution error: MemoryAwareEntity.__init__() got an unexpected keyword argument 'entity_id'
⚠️ Population critical (0). Divine intervention triggered.
Evolution error: MemoryAwareEntity.__init__() got an unexpected keyword argument 'entity_id'
⚠️ Population critical (0). Divine intervention triggered.
Evolution error: MemoryAwareEntity.__init__() got an unexpected keyword argument 'entity_id'
⚠️ Population critical (0). Divine intervention triggered.
Evolution error: MemoryAwareEntity.__init__() got an unexpected keyword argument 'entity_id'
⚠️ Population critical (0). Divine intervention triggered.
Evolution error: MemoryAwareEntity.__init__() got an unexpected keyword argument 'entity_id'
⚠️ Population critical (0). Divine intervention triggered.
Evolution error: MemoryAwareEntity.__init__() got an unexpected keyword argument 'entity_id'
⚠️ Population critical (0). Divine intervention triggered.
Evolution error: MemoryAwareEntity.__init__() got an unexpected keyword argument 'entity_id'
⚠️ Population critical (0). Divine intervention triggered.
Evolution error: MemoryAwareEntity.__init__() got an unexpected keyword argument 'entity_id'
⚠️ Population critical (0). Divine intervention triggered.
Evolution error: MemoryAwareEntity.__init__() got an unexpected keyword argument 'entity_id'
⚠️ Population critical (0). Divine intervention triggered.
Evolution error: MemoryAwareEntity.__init__() got an unexpected keyword argument 'entity_id'
⚠️ Population critical (0). Divine intervention triggered.
Evolution error: MemoryAwareEntity.__init__() got an unexpected keyword argument 'entity_id'
⚠️ Population critical (0). Divine intervention triggered.
Evolution error: MemoryAwareEntity.__init__() got an unexpected keyword argument 'entity_id'
⚠️ Population critical (0). Divine intervention triggered.
Evolution error: MemoryAwareEntity.__init__() got an unexpected keyword argument 'entity_id'
⚠️ Population critical (0). Divine intervention triggered.
Evolution error: MemoryAwareEntity.__init__() got an unexpected keyword argument 'entity_id'
⚠️ Population critical (0). Divine intervention triggered.
Evolution error: MemoryAwareEntity.__init__() got an unexpected keyword argument 'entity_id'
⚠️ Population critical (0). Divine intervention triggered.
Evolution error: MemoryAwareEntity.__init__() got an unexpected keyword argument 'entity_id'
⚠️ Population critical (0). Divine intervention triggered.
Evolution error: MemoryAwareEntity.__init__() got an unexpected keyword argument 'entity_id'
⚠️ Population critical (0). Divine intervention triggered.
Evolution error: MemoryAwareEntity.__init__() got an unexpected keyword argument 'entity_id'
⚠️ Population critical (0). Divine intervention triggered.
Evolution error: MemoryAwareEntity.__init__() got an unexpected keyword argument 'entity_id'
⚠️ Population critical (0). Divine intervention triggered.
Evolution error: MemoryAwareEntity.__init__() got an unexpected keyword argument 'entity_id'
⚠️ Population critical (0). Divine intervention triggered.
Evolution error: MemoryAwareEntity.__init__() got an unexpected keyword argument 'entity_id'
⚠️ Population critical (0). Divine intervention triggered.
Evolution error: MemoryAwareEntity.__init__() got an unexpected keyword argument 'entity_id'
⚠️ Population critical (0). Divine intervention triggered.
Evolution error: MemoryAwareEntity.__init__() got an unexpected keyword argument 'entity_id'
⚠️ Population critical (0). Divine intervention triggered.
Evolution error: MemoryAwareEntity.__init__() got an unexpected keyword argument 'entity_id'
⚠️ Population critical (0). Divine intervention triggered.
Evolution error: MemoryAwareEntity.__init__() got an unexpected keyword argument 'entity_id'
⚠️ Population critical (0). Divine intervention triggered.
Evolution error: MemoryAwareEntity.__init__() got an unexpected keyword argument 'entity_id'
⚠️ Population critical (0). Divine intervention triggered.
Evolution error: MemoryAwareEntity.__init__() got an unexpected keyword argument 'entity_id'
⚠️ Population critical (0). Divine intervention triggered.
Evolution error: MemoryAwareEntity.__init__() got an unexpected keyword argument 'entity_id'
⚠️ Population critical (0). Divine intervention triggered.
Evolution error: MemoryAwareEntity.__init__() got an unexpected keyword argument 'entity_id'
⚠️ Population critical (0). Divine intervention triggered.
Evolution error: MemoryAwareEntity.__init__() got an unexpected keyword argument 'entity_id'
⚠️ Population critical (0). Divine intervention triggered.
Evolution error: MemoryAwareEntity.__init__() got an unexpected keyword argument 'entity_id'
⚠️ Population critical (0). Divine intervention triggered.
Evolution error: MemoryAwareEntity.__init__() got an unexpected keyword argument 'entity_id'
⚠️ Population critical (0). Divine intervention triggered.
Evolution error: MemoryAwareEntity.__init__() got an unexpected keyword argument 'entity_id'
⚠️ Population critical (0). Divine intervention triggered.
Evolution error: MemoryAwareEntity.__init__() got an unexpected keyword argument 'entity_id'
⚠️ Population critical (0). Divine intervention triggered.
Evolution error: MemoryAwareEntity.__init__() got an unexpected keyword argument 'entity_id'
⚠️ Population critical (0). Divine intervention triggered.
Evolution error: MemoryAwareEntity.__init__() got an unexpected keyword argument 'entity_id'
⚠️ Population critical (0). Divine intervention triggered.
Evolution error: MemoryAwareEntity.__init__() got an unexpected keyword argument 'entity_id'
⚠️ Population critical (0). Divine intervention triggered.
Evolution error: MemoryAwareEntity.__init__() got an unexpected keyword argument 'entity_id'
⚠️ Population critical (0). Divine intervention triggered.
Evolution error: MemoryAwareEntity.__init__() got an unexpected keyword argument 'entity_id'
⚠️ Population critical (0). Divine intervention triggered.
Evolution error: MemoryAwareEntity.__init__() got an unexpected keyword argument 'entity_id'
⚠️ Population critical (0). Divine intervention triggered.
Evolution error: MemoryAwareEntity.__init__() got an unexpected keyword argument 'entity_id'
⚠️ Population critical (0). Divine intervention triggered.
Evolution error: MemoryAwareEntity.__init__() got an unexpected keyword argument 'entity_id'
⚠️ Population critical (0). Divine intervention triggered.
Evolution error: MemoryAwareEntity.__init__() got an unexpected keyword argument 'entity_id'
⚠️ Population critical (0). Divine intervention triggered.
Evolution error: MemoryAwareEntity.__init__() got an unexpected keyword argument 'entity_id'
⚠️ Population critical (0). Divine intervention triggered.
Evolution error: MemoryAwareEntity.__init__() got an unexpected keyword argument 'entity_id'
⚠️ Population critical (0). Divine intervention triggered.
Evolution error: MemoryAwareEntity.__init__() got an unexpected keyword argument 'entity_id'
⚠️ Population critical (0). Divine intervention triggered.
Evolution error: MemoryAwareEntity.__init__() got an unexpected keyword argument 'entity_id'
⚠️ Population critical (0). Divine intervention triggered.
Evolution error: MemoryAwareEntity.__init__() got an unexpected keyword argument 'entity_id'
⚠️ Population critical (0). Divine intervention triggered.
Evolution error: MemoryAwareEntity.__init__() got an unexpected keyword argument 'entity_id'
⚠️ Population critical (0). Divine intervention triggered.
Evolution error: MemoryAwareEntity.__init__() got an unexpected keyword argument 'entity_id'
⚠️ Population critical (0). Divine intervention triggered.
Evolution error: MemoryAwareEntity.__init__() got an unexpected keyword argument 'entity_id'
⚠️ Population critical (0). Divine intervention triggered.
Evolution error: MemoryAwareEntity.__init__() got an unexpected keyword argument 'entity_id'
⚠️ Population critical (0). Divine intervention triggered.
Evolution error: MemoryAwareEntity.__init__() got an unexpected keyword argument 'entity_id'
⚠️ Population critical (0). Divine intervention triggered.
Evolution error: MemoryAwareEntity.__init__() got an unexpected keyword argument 'entity_id'
⚠️ Population critical (0). Divine intervention triggered.
Evolution error: MemoryAwareEntity.__init__() got an unexpected keyword argument 'entity_id'
⚠️ Population critical (0). Divine intervention triggered.
Evolution error: MemoryAwareEntity.__init__() got an unexpected keyword argument 'entity_id'
⚠️ Population critical (0). Divine intervention triggered.
Evolution error: MemoryAwareEntity.__init__() got an unexpected keyword argument 'entity_id'
⚠️ Population critical (0). Divine intervention triggered.
Evolution error: MemoryAwareEntity.__init__() got an unexpected keyword argument 'entity_id'
⚠️ Population critical (0). Divine intervention triggered.
Evolution error: MemoryAwareEntity.__init__() got an unexpected keyword argument 'entity_id'
⚠️ Population critical (0). Divine intervention triggered.
Evolution error: MemoryAwareEntity.__init__() got an unexpected keyword argument 'entity_id'
⚠️ Population critical (0). Divine intervention triggered.
Evolution error: MemoryAwareEntity.__init__() got an unexpected keyword argument 'entity_id'
⚠️ Population critical (0). Divine intervention triggered.
Evolution error: MemoryAwareEntity.__init__() got an unexpected keyword argument 'entity_id'
⚠️ Population critical (0). Divine intervention triggered.
Evolution error: MemoryAwareEntity.__init__() got an unexpected keyword argument 'entity_id'
⚠️ Population critical (0). Divine intervention triggered.
Evolution error: MemoryAwareEntity.__init__() got an unexpected keyword argument 'entity_id'
⚠️ Population critical (0). Divine intervention triggered.
Evolution error: MemoryAwareEntity.__init__() got an unexpected keyword argument 'entity_id'
⚠️ Population critical (0). Divine intervention triggered.
Evolution error: MemoryAwareEntity.__init__() got an unexpected keyword argument 'entity_id'
⚠️ Population critical (0). Divine intervention triggered.
Evolution error: MemoryAwareEntity.__init__() got an unexpected keyword argument 'entity_id'
⚠️ Population critical (0). Divine intervention triggered.
Evolution error: MemoryAwareEntity.__init__() got an unexpected keyword argument 'entity_id'
⚠️ Population critical (0). Divine intervention triggered.
Evolution error: MemoryAwareEntity.__init__() got an unexpected keyword argument 'entity_id'
⚠️ Population critical (0). Divine intervention triggered.
Evolution error: MemoryAwareEntity.__init__() got an unexpected keyword argument 'entity_id'
⚠️ Population critical (0). Divine intervention triggered.
Evolution error: MemoryAwareEntity.__init__() got an unexpected keyword argument 'entity_id'
⚠️ Population critical (0). Divine intervention triggered.
Evolution error: MemoryAwareEntity.__init__() got an unexpected keyword argument 'entity_id'
⚠️ Population critical (0). Divine intervention triggered.
Evolution error: MemoryAwareEntity.__init__() got an unexpected keyword argument 'entity_id'
⚠️ Population critical (0). Divine intervention triggered.
Evolution error: MemoryAwareEntity.__init__() got an unexpected keyword argument 'entity_id'
⚠️ Population critical (0). Divine intervention triggered.
Evolution error: MemoryAwareEntity.__init__() got an unexpected keyword argument 'entity_id'
⚠️ Population critical (0). Divine intervention triggered.
Evolution error: MemoryAwareEntity.__init__() got an unexpected keyword argument 'entity_id'
⚠️ Population critical (0). Divine intervention triggered.
Evolution error: MemoryAwareEntity.__init__() got an unexpected keyword argument 'entity_id'
⚠️ Population critical (0). Divine intervention triggered.
Evolution error: MemoryAwareEntity.__init__() got an unexpected keyword argument 'entity_id'
⚠️ Population critical (0). Divine intervention triggered.
Evolution error: MemoryAwareEntity.__init__() got an unexpected keyword argument 'entity_id'
⚠️ Population critical (0). Divine intervention triggered.
Evolution error: MemoryAwareEntity.__init__() got an unexpected keyword argument 'entity_id'
⚠️ Population critical (0). Divine intervention triggered.
Evolution error: MemoryAwareEntity.__init__() got an unexpected keyword argument 'entity_id'
⚠️ Population critical (0). Divine intervention triggered.
Evolution error: MemoryAwareEntity.__init__() got an unexpected keyword argument 'entity_id'
⚠️ Population critical (0). Divine intervention triggered.
Evolution error: MemoryAwareEntity.__init__() got an unexpected keyword argument 'entity_id'
⚠️ Population critical (0). Divine intervention triggered.
Evolution error: MemoryAwareEntity.__init__() got an unexpected keyword argument 'entity_id'
⚠️ Population critical (0). Divine intervention triggered.
Evolution error: MemoryAwareEntity.__init__() got an unexpected keyword argument 'entity_id'
⚠️ Population critical (0). Divine intervention triggered.
Evolution error: MemoryAwareEntity.__init__() got an unexpected keyword argument 'entity_id'
⚠️ Population critical (0). Divine intervention triggered.
Evolution error: MemoryAwareEntity.__init__() got an unexpected keyword argument 'entity_id'
⚠️ Population critical (0). Divine intervention triggered.
Evolution error: MemoryAwareEntity.__init__() got an unexpected keyword argument 'entity_id'
⚠️ Population critical (0). Divine intervention triggered.
Evolution error: MemoryAwareEntity.__init__() got an unexpected keyword argument 'entity_id'
⚠️ Population critical (0). Divine intervention triggered.
Evolution error: MemoryAwareEntity.__init__() got an unexpected keyword argument 'entity_id'
⚠️ Population critical (0). Divine intervention triggered.
Evolution error: MemoryAwareEntity.__init__() got an unexpected keyword argument 'entity_id'
⚠️ Population critical (0). Divine intervention triggered.
Evolution error: MemoryAwareEntity.__init__() got an unexpected keyword argument 'entity_id'
⚠️ Population critical (0). Divine intervention triggered.
Evolution error: MemoryAwareEntity.__init__() got an unexpected keyword argument 'entity_id'
⚠️ Population critical (0). Divine intervention triggered.
Evolution error: MemoryAwareEntity.__init__() got an unexpected keyword argument 'entity_id'
⚠️ Population critical (0). Divine intervention triggered.
Evolution error: MemoryAwareEntity.__init__() got an unexpected keyword argument 'entity_id'
⚠️ Population critical (0). Divine intervention triggered.
Evolution error: MemoryAwareEntity.__init__() got an unexpected keyword argument 'entity_id'
⚠️ Population critical (0). Divine intervention triggered.
Evolution error: MemoryAwareEntity.__init__() got an unexpected keyword argument 'entity_id'
⚠️ Population critical (0). Divine intervention triggered.
Evolution error: MemoryAwareEntity.__init__() got an unexpected keyword argument 'entity_id'
⚠️ Population critical (0). Divine intervention triggered.
Evolution error: MemoryAwareEntity.__init__() got an unexpected keyword argument 'entity_id'
⚠️ Population critical (0). Divine intervention triggered.
Evolution error: MemoryAwareEntity.__init__() got an unexpected keyword argument 'entity_id'
⚠️ Population critical (0). Divine intervention triggered.
Evolution error: MemoryAwareEntity.__init__() got an unexpected keyword argument 'entity_id'
⚠️ Population critical (0). Divine intervention triggered.
Evolution error: MemoryAwareEntity.__init__() got an unexpected keyword argument 'entity_id'
⚠️ Population critical (0). Divine intervention triggered.
Evolution error: MemoryAwareEntity.__init__() got an unexpected keyword argument 'entity_id'
⚠️ Population critical (0). Divine intervention triggered.
Evolution error: MemoryAwareEntity.__init__() got an unexpected keyword argument 'entity_id'
⚠️ Population critical (0). Divine intervention triggered.
Evolution error: MemoryAwareEntity.__init__() got an unexpected keyword argument 'entity_id'
⚠️ Population critical (0). Divine intervention triggered.
Evolution error: MemoryAwareEntity.__init__() got an unexpected keyword argument 'entity_id'
⚠️ Population critical (0). Divine intervention triggered.
Evolution error: MemoryAwareEntity.__init__() got an unexpected keyword argument 'entity_id'
⚠️ Population critical (0). Divine intervention triggered.
